Authorized Users Only
Password:
% Please answer 'yes' or 'no'.
Would you like to enter the initial configuration dialog? [yes/no]: no
Press RETURN to get started!

Cisco IOS Software, 2800 Software (C2800NM-ADVIPSERVICESK9-M), Version 12.4(20)T
, RELEASE SOFTWARE (fc3)
Technical Support: http://www.cisco.com/techsupport
Copyright (c) 1986-2008 by Cisco Systems, Inc.
seconds
Router>
Router>
Router>
Router>
Router>enable
Router#conf t
Enter configuration commands, one per line.  End with CNTL/Z.
Router(config)#hostname Atlanta
Atlanta(config)#no ip domain lookup
Atlanta(config)#line console 0
Atlanta(config-line)#logging synchronous
Atlanta(config-line)#
Atlanta(config-line)#
Atlanta(config-line)#^Z
Atlanta#
*Apr 11 00:55:16.503: %SYS-5-CONFIG_I: Configured from console by console
Atlanta#config terminal
Enter configuration commands, one per line.  End with CNTL/Z.
Atlanta(config)#interface f0/0
Atlanta(config-if)#description link to Brussels 192.168.0.6
Atlanta(config-if)#ip address 192.168.0.5 255.255.255.252
Atlanta(config-if)#no shut
Atlanta(config-if)#
*Apr 11 00:56:29.363: %LINK-3-UPDOWN: Interface FastEthernet0/0, changed state t
o up
*Apr 11 00:56:30.363: %LINEPROTO-5-UPDOWN: Line protocol on Interface FastEthern
et0/0, changed state to up
Atlanta(config-if)#interface f0/1
Atlanta(config-if)#description link to Miami 192.168.0.22
Atlanta(config-if)#ip address 192.168.0.21 255.255.255.252
Atlanta(config-if)#no shut
Atlanta(config-if)#
*Apr 11 00:57:22.055: %LINK-3-UPDOWN: Interface FastEthernet0/1, changed state t
o up
*Apr 11 00:57:23.055: %LINEPROTO-5-UPDOWN: Line protocol on Interface FastEthern
et0/1, changed state to up
Atlanta(config-if)#interface loopback 0
Atlanta(config-if)#
*Apr 11 00:57:41.835: %LINEPROTO-5-UPDOWN: Line protocol on Interface Loopback0,
 changed state to up
Atlanta(config-if)#ip address 192.168.2.2 255.255.255.255
Atlanta(config-if)#no shut
Atlanta(config-if)#end
Atlanta#
*Apr 11 00:58:33.935: %SYS-5-CONFIG_I: Configured from console by console
Atlanta#
Atlanta#ping 192.168.0.6
Type escape sequence to abort.
Sending 5, 100-byte ICMP Echos to 192.168.0.6, timeout is 2 seconds:
.!!!!
Success rate is 80 percent (4/5), round-trip min/avg/max = 1/1/4 ms
Atlanta#ping 192.168.0.22
Type escape sequence to abort.
Sending 5, 100-byte ICMP Echos to 192.168.0.22, timeout is 2 seconds:
.!!!!
Success rate is 80 percent (4/5), round-trip min/avg/max = 1/7/28 ms
Atlanta#show ip interface brief
Interface                  IP-Address      OK? Method Status                Prot
ocol
FastEthernet0/0            192.168.0.5     YES manual up                    up
 
FastEthernet0/1            192.168.0.21    YES manual up                    up
 
FastEthernet0/0/0          unassigned      YES unset  up                    down
 
FastEthernet0/0/1          unassigned      YES unset  up                    down
 
FastEthernet0/0/2          unassigned      YES unset  up                    down
 
FastEthernet0/0/3          unassigned      YES unset  up                    down
 
Serial0/1/0                unassigned      YES unset  administratively down down
 
Serial0/1/1                unassigned      YES unset  administratively down down
 
Vlan1                      unassigned      YES unset  up                    down
 
SSLVPN-VIF0                unassigned      NO  unset  up                    up
 
Loopback0                  192.168.2.2     YES manual up                    up
 
Atlanta#show ip route
Codes: C - connected, S - static, R - RIP, M - mobile, B - BGP
       D - EIGRP, EX - EIGRP external, O - OSPF, IA - OSPF inter area
       N1 - OSPF NSSA external type 1, N2 - OSPF NSSA external type 2
       E1 - OSPF external type 1, E2 - OSPF external type 2
       i - IS-IS, su - IS-IS summary, L1 - IS-IS level-1, L2 - IS-IS level-2
       ia - IS-IS inter area, * - candidate default, U - per-user static route
       o - ODR, P - periodic downloaded static route
Gateway of last resort is not set
     192.168.0.0/30 is subnetted, 2 subnets
C       192.168.0.4 is directly connected, FastEthernet0/0
C       192.168.0.20 is directly connected, FastEthernet0/1
     192.168.2.0/32 is subnetted, 1 subnets
C       192.168.2.2 is directly connected, Loopback0
Atlanta#
Atlanta#
Atlanta#
Atlanta#conf t
Enter configuration commands, one per line.  End with CNTL/Z.
Atlanta(config)#Router bgp 2
Atlanta(config-router)#network 192.168.2.2 mask 255.255.255.255
Atlanta(config-router)#network 192.168.0.4 mask 255.255.255.252
Atlanta(config-router)#network 192.168.0.20 mask 255.255.255.252
Atlanta(config-router)#neighbor 192.168.0.6 remote-as 1
Atlanta(config-router)#neighbor 192
*Apr 11 01:14:54.819: %BGP-5-ADJCHANGE: neighbor 192.168.0.6 Up
Atlanta(config-router)#neighbor 192.168.0.22 remote-as 3
Atlanta(config-router)#no auto-summary
Atlanta(config-router)#
Atlanta(config-router)#show ip route
                        ^
% Invalid input detected at '^' marker.
Atlanta(config-router)#^Z
Atlanta#
*Apr 11 01:17:03.047: %SYS-5-CONFIG_I: Configured from console by console
Atlanta#show ip
*Apr 11 01:17:04.827: %BGP-5-ADJCHANGE: neighbor 192.168.0.22 Up
Atlanta#show ip route
Codes: C - connected, S - static, R - RIP, M - mobile, B - BGP
       D - EIGRP, EX - EIGRP external, O - OSPF, IA - OSPF inter area
       N1 - OSPF NSSA external type 1, N2 - OSPF NSSA external type 2
       E1 - OSPF external type 1, E2 - OSPF external type 2
       i - IS-IS, su - IS-IS summary, L1 - IS-IS level-1, L2 - IS-IS level-2
       ia - IS-IS inter area, * - candidate default, U - per-user static route
       o - ODR, P - periodic downloaded static route
Gateway of last resort is not set
     192.168.0.0/30 is subnetted, 4 subnets
B       192.168.0.8 [20/0] via 192.168.0.22, 00:00:01
C       192.168.0.4 is directly connected, FastEthernet0/0
B       192.168.0.24 [20/0] via 192.168.0.6, 00:02:11
C       192.168.0.20 is directly connected, FastEthernet0/1
     192.168.1.0/32 is subnetted, 1 subnets
B       192.168.1.1 [20/0] via 192.168.0.6, 00:00:59
     192.168.2.0/32 is subnetted, 1 subnets
C       192.168.2.2 is directly connected, Loopback0
     192.168.3.0/32 is subnetted, 1 subnets
B       192.168.3.3 [20/0] via 192.168.0.22, 00:00:02
Atlanta#show run | sec router
router bgp 2
 no synchronization
 bgp log-neighbor-changes
 network 192.168.0.4 mask 255.255.255.252
 network 192.168.0.20 mask 255.255.255.252
 network 192.168.2.2 mask 255.255.255.255
 neighbor 192.168.0.6 remote-as 1
 neighbor 192.168.0.22 remote-as 3
 no auto-summary
Atlanta#show ip route
Codes: C - connected, S - static, R - RIP, M - mobile, B - BGP
       D - EIGRP, EX - EIGRP external, O - OSPF, IA - OSPF inter area
       N1 - OSPF NSSA external type 1, N2 - OSPF NSSA external type 2
       E1 - OSPF external type 1, E2 - OSPF external type 2
       i - IS-IS, su - IS-IS summary, L1 - IS-IS level-1, L2 - IS-IS level-2
       ia - IS-IS inter area, * - candidate default, U - per-user static route
       o - ODR, P - periodic downloaded static route
Gateway of last resort is not set
     192.168.4.0/32 is subnetted, 1 subnets
B       192.168.4.4 [20/0] via 192.168.0.22, 00:01:59
     192.168.0.0/30 is subnetted, 5 subnets
B       192.168.0.8 [20/0] via 192.168.0.22, 00:03:02
B       192.168.0.12 [20/0] via 192.168.0.22, 00:01:59
C       192.168.0.4 is directly connected, FastEthernet0/0
B       192.168.0.24 [20/0] via 192.168.0.6, 00:05:12
C       192.168.0.20 is directly connected, FastEthernet0/1
     192.168.1.0/32 is subnetted, 1 subnets
B       192.168.1.1 [20/0] via 192.168.0.6, 00:04:01
     192.168.2.0/32 is subnetted, 1 subnets
C       192.168.2.2 is directly connected, Loopback0
     192.168.3.0/32 is subnetted, 1 subnets
B       192.168.3.3 [20/0] via 192.168.0.22, 00:03:07
Atlanta#tclsh
Atlanta(tcl)#foreach VAR {
+>192.168.1.1
+>192.168.0.6
+>192.168.0.25
+>192.168.3.3
+>192.168.0.10
+>192.168.0.22
+>192.168.4.4
+>192.168.0.9
+>192.168.0.14
+>192.168.5.5
+>192.168.0.18
+>192.168.0.13
+>192.168.6.6
+>192.168.0.17
+>192.168.0.26
+>} { puts [exec "ping $VAR"] }
Type escape sequence to abort.
Sending 5, 100-byte ICMP Echos to 192.168.1.1, timeout is 2 seconds:
!!!!!
Success rate is 100 percent (5/5), round-trip min/avg/max = 1/2/4 ms
Type escape sequence to abort.
Sending 5, 100-byte ICMP Echos to 192.168.0.6, timeout is 2 seconds:
!!!!!
Success rate is 100 percent (5/5), round-trip min/avg/max = 1/2/4 ms
Type escape sequence to abort.
Sending 5, 100-byte ICMP Echos to 192.168.0.25, timeout is 2 seconds:
!!!!!
Success rate is 100 percent (5/5), round-trip min/avg/max = 1/1/4 ms
Type escape sequence to abort.
Sending 5, 100-byte ICMP Echos to 192.168.3.3, timeout is 2 seconds:
!!!!!
Success rate is 100 percent (5/5), round-trip min/avg/max = 1/2/4 ms
Type escape sequence to abort.
Sending 5, 100-byte ICMP Echos to 192.168.0.10, timeout is 2 seconds:
!!!!!
Success rate is 100 percent (5/5), round-trip min/avg/max = 1/2/4 ms
Type escape sequence to abort.
Sending 5, 100-byte ICMP Echos to 192.168.0.22, timeout is 2 seconds:
!!!!!
Success rate is 100 percent (5/5), round-trip min/avg/max = 1/1/4 ms
Type escape sequence to abort.
Sending 5, 100-byte ICMP Echos to 192.168.4.4, timeout is 2 seconds:
!!!!!
Success rate is 100 percent (5/5), round-trip min/avg/max = 1/2/4 ms
Type escape sequence to abort.
Sending 5, 100-byte ICMP Echos to 192.168.0.9, timeout is 2 seconds:
!!!!!
Success rate is 100 percent (5/5), round-trip min/avg/max = 1/1/4 ms
Type escape sequence to abort.
Sending 5, 100-byte ICMP Echos to 192.168.0.14, timeout is 2 seconds:
!!!!!
Success rate is 100 percent (5/5), round-trip min/avg/max = 1/2/4 ms
Type escape sequence to abort.
Sending 5, 100-byte ICMP Echos to 192.168.5.5, timeout is 2 seconds:
!!!!!
Success rate is 100 percent (5/5), round-trip min/avg/max = 1/1/4 ms
Type escape sequence to abort.
Sending 5, 100-byte ICMP Echos to 192.168.0.18, timeout is 2 seconds:
!!!!!
Success rate is 100 percent (5/5), round-trip min/avg/max = 1/2/4 ms
Type escape sequence to abort.
Sending 5, 100-byte ICMP Echos to 192.168.0.13, timeout is 2 seconds:
!!!!!
Success rate is 100 percent (5/5), round-trip min/avg/max = 1/2/4 ms
Type escape sequence to abort.
Sending 5, 100-byte ICMP Echos to 192.168.6.6, timeout is 2 seconds:
.....
Success rate is 0 percent (0/5)
Type escape sequence to abort.
Sending 5, 100-byte ICMP Echos to 192.168.0.17, timeout is 2 seconds:
!!!!!
Success rate is 100 percent (5/5), round-trip min/avg/max = 1/2/4 ms
Type escape sequence to abort.
Sending 5, 100-byte ICMP Echos to 192.168.0.26, timeout is 2 seconds:
!!!!!
Success rate is 100 percent (5/5), round-trip min/avg/max = 1/2/4 ms
Atlanta(tcl)#foreach VAR {
+>192.168.1.1
+>192.168.0.6
+>192.168.0.25
+>192.168.3.3
+>192.168.0.10
+>192.168.0.22
+>192.168.4.4
+>192.168.0.9
+>192.168.0.14
+>192.168.5.5
+>192.168.0.18
+>192.168.0.13
+>192.168.6.6
+>192.168.0.17
+>192.168.0.26
+>} { puts [exec "ping $VAR"] }
Type escape sequence to abort.
Sending 5, 100-byte ICMP Echos to 192.168.1.1, timeout is 2 seconds:
!!!!!
Success rate is 100 percent (5/5), round-trip min/avg/max = 1/1/4 ms
Type escape sequence to abort.
Sending 5, 100-byte ICMP Echos to 192.168.0.6, timeout is 2 seconds:
!!!!!
Success rate is 100 percent (5/5), round-trip min/avg/max = 1/2/4 ms
Type escape sequence to abort.
Sending 5, 100-byte ICMP Echos to 192.168.0.25, timeout is 2 seconds:
!!!!!
Success rate is 100 percent (5/5), round-trip min/avg/max = 1/1/4 ms
Type escape sequence to abort.
Sending 5, 100-byte ICMP Echos to 192.168.3.3, timeout is 2 seconds:
!!!!!
Success rate is 100 percent (5/5), round-trip min/avg/max = 1/1/4 ms
Type escape sequence to abort.
Sending 5, 100-byte ICMP Echos to 192.168.0.10, timeout is 2 seconds:
!!!!!
Success rate is 100 percent (5/5), round-trip min/avg/max = 1/1/4 ms
Type escape sequence to abort.
Sending 5, 100-byte ICMP Echos to 192.168.0.22, timeout is 2 seconds:
!!!!!
Success rate is 100 percent (5/5), round-trip min/avg/max = 1/2/4 ms
Type escape sequence to abort.
Sending 5, 100-byte ICMP Echos to 192.168.4.4, timeout is 2 seconds:
!!!!!
Success rate is 100 percent (5/5), round-trip min/avg/max = 1/2/4 ms
Type escape sequence to abort.
Sending 5, 100-byte ICMP Echos to 192.168.0.9, timeout is 2 seconds:
!!!!!
Success rate is 100 percent (5/5), round-trip min/avg/max = 1/1/4 ms
Type escape sequence to abort.
Sending 5, 100-byte ICMP Echos to 192.168.0.14, timeout is 2 seconds:
!!!!!
Success rate is 100 percent (5/5), round-trip min/avg/max = 1/2/4 ms
Type escape sequence to abort.
Sending 5, 100-byte ICMP Echos to 192.168.5.5, timeout is 2 seconds:
!!!!!
Success rate is 100 percent (5/5), round-trip min/avg/max = 1/2/4 ms
Type escape sequence to abort.
Sending 5, 100-byte ICMP Echos to 192.168.0.18, timeout is 2 seconds:
!!!!!
Success rate is 100 percent (5/5), round-trip min/avg/max = 1/2/4 ms
Type escape sequence to abort.
Sending 5, 100-byte ICMP Echos to 192.168.0.13, timeout is 2 seconds:
!!!!!
Success rate is 100 percent (5/5), round-trip min/avg/max = 1/1/4 ms
Type escape sequence to abort.
Sending 5, 100-byte ICMP Echos to 192.168.6.6, timeout is 2 seconds:
!!!!!
Success rate is 100 percent (5/5), round-trip min/avg/max = 1/2/4 ms
Type escape sequence to abort.
Sending 5, 100-byte ICMP Echos to 192.168.0.17, timeout is 2 seconds:
!!!!!
Success rate is 100 percent (5/5), round-trip min/avg/max = 1/1/4 ms
Type escape sequence to abort.
Sending 5, 100-byte ICMP Echos to 192.168.0.26, timeout is 2 seconds:
!!!!!
Success rate is 100 percent (5/5), round-trip min/avg/max = 1/2/4 ms
Atlanta(tcl)#^Z
Atlanta#^Z
Atlanta#^Z
Atlanta#
*Apr 11 01:24:56.495: %SYS-5-CONFIG_I: Configured from console by console
Atlanta#
Atlanta#
Atlanta#
Atlanta#show ip route
Codes: C - connected, S - static, R - RIP, M - mobile, B - BGP
       D - EIGRP, EX - EIGRP external, O - OSPF, IA - OSPF inter area
       N1 - OSPF NSSA external type 1, N2 - OSPF NSSA external type 2
       E1 - OSPF external type 1, E2 - OSPF external type 2
       i - IS-IS, su - IS-IS summary, L1 - IS-IS level-1, L2 - IS-IS level-2
       ia - IS-IS inter area, * - candidate default, U - per-user static route
       o - ODR, P - periodic downloaded static route
Gateway of last resort is not set
     192.168.4.0/32 is subnetted, 1 subnets
B       192.168.4.4 [20/0] via 192.168.0.22, 00:06:53
     192.168.5.0/32 is subnetted, 1 subnets
B       192.168.5.5 [20/0] via 192.168.0.22, 00:04:52
     192.168.6.0/32 is subnetted, 1 subnets
B       192.168.6.6 [20/0] via 192.168.0.6, 00:03:22
     192.168.0.0/30 is subnetted, 6 subnets
B       192.168.0.8 [20/0] via 192.168.0.22, 00:07:56
B       192.168.0.12 [20/0] via 192.168.0.22, 00:06:53
C       192.168.0.4 is directly connected, FastEthernet0/0
B       192.168.0.24 [20/0] via 192.168.0.6, 00:10:07
B       192.168.0.16 [20/0] via 192.168.0.6, 00:03:23
C       192.168.0.20 is directly connected, FastEthernet0/1
     192.168.1.0/32 is subnetted, 1 subnets
B       192.168.1.1 [20/0] via 192.168.0.6, 00:08:57
     192.168.2.0/32 is subnetted, 1 subnets
C       192.168.2.2 is directly connected, Loopback0
     192.168.3.0/32 is subnetted, 1 subnets
B       192.168.3.3 [20/0] via 192.168.0.22, 00:08:01
Atlanta#
Atlanta#show ip protocols
Routing Protocol is "bgp 2"
  Outgoing update filter list for all interfaces is not set
  Incoming update filter list for all interfaces is not set
  IGP synchronization is disabled
  Automatic route summarization is disabled
  Neighbor(s):
    Address          FiltIn FiltOut DistIn DistOut Weight RouteMap
    192.168.0.6
    192.168.0.22
  Maximum path: 1
  Routing Information Sources:
    Gateway         Distance      Last Update
    192.168.0.6           20      00:04:47
    192.168.0.22          20      00:06:17
  Distance: external 20 internal 200 local 200
Atlanta#show ip bgp neighbor
BGP neighbor is 192.168.0.6,  remote AS 1, external link
  BGP version 4, remote router ID 192.168.1.1
  BGP state = Established, up for 00:11:46
  Last read 00:00:52, last write 00:00:59, hold time is 180, keepalive interval
is 60 seconds
  Neighbor capabilities:
    Route refresh: advertised and received(new)
    Address family IPv4 Unicast: advertised and received
  Message statistics:
    InQ depth is 0
    OutQ depth is 0
 
                         Sent       Rcvd
    Opens:                  1          1
    Notifications:          0          0
    Updates:                6          8
    Keepalives:            11         10
    Route Refresh:          0          0
    Total:                 18         19
  Default minimum time between advertisement runs is 30 seconds
 For address family: IPv4 Unicast
  BGP table version 14, neighbor version 14/0
  Output queue size : 0
  Index 1, Offset 0, Mask 0x2
  1 update-group member
                                 Sent       Rcvd
  Prefix activity:               ----       ----
    Prefixes Current:              12          7 (Consumes 364 bytes)
    Prefixes Total:                12          7
    Implicit Withdraw:              1          0
    Explicit Withdraw:              0          0
    Used as bestpath:             n/a          4
    Used as multipath:            n/a          0
 
                                   Outbound    Inbound
  Local Policy Denied Prefixes:    --------    -------
    AS_PATH loop:                       n/a          8
    Bestpath from this peer:              1        n/a
    Total:                                1          8
  Number of NLRIs in the update sent: max 3, min 1
 
  Address tracking is enabled, the RIB does have a route to 192.168.0.6
  Connections established 1; dropped 0
  Last reset never
  Transport(tcp) path-mtu-discovery is enabled
Connection state is ESTAB, I/O status: 1, unread input bytes: 0
Connection is ECN Disabled, Mininum incoming TTL 0, Outgoing TTL 1
Local host: 192.168.0.5, Local port: 47813
Foreign host: 192.168.0.6, Foreign port: 179
Connection tableid (VRF): 0
 
Enqueued packets for retransmit: 0, input: 0  mis-ordered: 0 (0 bytes)
 
Event Timers (current time is 0x1FCB8C):
Timer          Starts    Wakeups            Next
Retrans            19          0             0x0
TimeWait            0          0             0x0
AckHold            18         15             0x0
SendWnd             0          0             0x0
KeepAlive           0          0             0x0
GiveUp              0          0             0x0
PmtuAger          235        234        0x1FD166
DeadWait            0          0             0x0
Linger              0          0             0x0
ProcessQ            0          0             0x0
 
iss: 2563001957  snduna: 2563002562  sndnxt: 2563002562     sndwnd:  15780
irs: 1152982052  rcvnxt: 1152982750  rcvwnd:      15687  delrcvwnd:    697
 
SRTT: 276 ms, RTTO: 466 ms, RTV: 190 ms, KRTT: 0 ms
minRTT: 4 ms, maxRTT: 300 ms, ACK hold: 200 ms
Status Flags: active open
Option Flags: nagle, path mtu capable
IP Precedence value : 6
 
Datagrams (max data segment is 1460 bytes):
Rcvd: 30 (out of order: 0), with data: 20, total data bytes: 697
Sent: 36 (retransmit: 0, fastretransmit: 0, partialack: 0, Second Congestion: 0)
, with data: 19, total data bytes: 604
 Packets received in fast path: 0, fast processed: 0, slow path: 0
 fast lock acquisition failures: 0, slow path: 0
 
BGP neighbor is 192.168.0.22,  remote AS 3, external link
  BGP version 4, remote router ID 192.168.3.3
  BGP state = Established, up for 00:09:48
  Last read 00:00:11, last write 00:00:10, hold time is 180, keepalive interval
is 60 seconds
  Neighbor capabilities:
    Route refresh: advertised and received(new)
    Address family IPv4 Unicast: advertised and received
  Message statistics:
    InQ depth is 0
    OutQ depth is 0
 
                         Sent       Rcvd
    Opens:                  1          1
    Notifications:          0          0
    Updates:                6          4
    Keepalives:            10         11
    Route Refresh:          0          0
    Total:                 17         16
  Default minimum time between advertisement runs is 30 seconds
 
 For address family: IPv4 Unicast
  BGP table version 14, neighbor version 14/0
  Output queue size : 0
  Index 1, Offset 0, Mask 0x2
  1 update-group member
                                 Sent       Rcvd
 
Atlanta#show ip bgp summary
BGP router identifier 192.168.2.2, local AS number 2
BGP table version is 14, main routing table version 14
12 network entries using 1584 bytes of memory
17 path entries using 884 bytes of memory
8/6 BGP path/bestpath attribute entries using 1184 bytes of memory
6 BGP AS-PATH entries using 144 bytes of memory
0 BGP route-map cache entries using 0 bytes of memory
0 BGP filter-list cache entries using 0 bytes of memory
Bitfield cache entries: current 1 (at peak 1) using 32 bytes of memory
BGP using 3828 total bytes of memory
BGP activity 12/0 prefixes, 17/0 paths, scan interval 60 secs
Neighbor        V    AS MsgRcvd MsgSent   TblVer  InQ OutQ Up/Down  State/PfxRcd
192.168.0.6     4     1      20      19       14    0    0 00:12:09        7
192.168.0.22    4     3      16      17       14    0    0 00:09:59        7
Atlanta#show ip bgp
BGP table version is 14, local router ID is 192.168.2.2
Status codes: s suppressed, d damped, h history, * valid, > best, i - internal,
              r RIB-failure, S Stale
Origin codes: i - IGP, e - EGP, ? - incomplete
   Network          Next Hop            Metric LocPrf Weight Path
*  192.168.0.4/30   192.168.0.6              0             0 1 i
*>                  0.0.0.0                  0         32768 i
*> 192.168.0.8/30   192.168.0.22             0             0 3 i
*  192.168.0.12/30  192.168.0.6                            0 1 6 5 i
*>                  192.168.0.22                           0 3 4 i
*> 192.168.0.16/30  192.168.0.6                            0 1 6 i
*                   192.168.0.22                           0 3 4 5 i
*  192.168.0.20/30  192.168.0.22             0             0 3 i
*>                  0.0.0.0                  0         32768 i
*> 192.168.0.24/30  192.168.0.6              0             0 1 i
*> 192.168.1.1/32   192.168.0.6              0             0 1 i
*> 192.168.2.2/32   0.0.0.0                  0         32768 i
*> 192.168.3.3/32   192.168.0.22             0             0 3 i
*> 192.168.4.4/32   192.168.0.22                           0 3 4 i
*  192.168.5.5/32   192.168.0.6                            0 1 6 5 i
*>                  192.168.0.22                           0 3 4 5 i
*> 192.168.6.6/32   192.168.0.6                            0 1 6 i
Atlanta#show ip bgp neighbor
BGP neighbor is 192.168.0.6,  remote AS 1, external link
  BGP version 4, remote router ID 192.168.1.1
  BGP state = Established, up for 00:15:36
  Last read 00:00:40, last write 00:00:47, hold time is 180, keepalive interval
is 60 seconds
  Neighbor capabilities:
    Route refresh: advertised and received(new)
    Address family IPv4 Unicast: advertised and received
  Message statistics:
    InQ depth is 0
    OutQ depth is 0
 
                         Sent       Rcvd
    Opens:                  1          1
    Notifications:          0          0
    Updates:                6          8
    Keepalives:            15         14
    Route Refresh:          0          0
    Total:                 22         23
  Default minimum time between advertisement runs is 30 seconds
 For address family: IPv4 Unicast
  BGP table version 14, neighbor version 14/0
  Output queue size : 0
  Index 1, Offset 0, Mask 0x2
  1 update-group member
                                 Sent       Rcvd
  Prefix activity:               ----       ----
    Prefixes Current:              12          7 (Consumes 364 bytes)
    Prefixes Total:                12          7
    Implicit Withdraw:              1          0
    Explicit Withdraw:              0          0
    Used as bestpath:             n/a          4
    Used as multipath:            n/a          0
 
                                   Outbound    Inbound
  Local Policy Denied Prefixes:    --------    -------
    AS_PATH loop:                       n/a          8
    Bestpath from this peer:              1        n/a
    Total:                                1          8
  Number of NLRIs in the update sent: max 3, min 1
 
  Address tracking is enabled, the RIB does have a route to 192.168.0.6
  Connections established 1; dropped 0
  Last reset never
  Transport(tcp) path-mtu-discovery is enabled
Connection state is ESTAB, I/O status: 1, unread input bytes: 0
Connection is ECN Disabled, Mininum incoming TTL 0, Outgoing TTL 1
Local host: 192.168.0.5, Local port: 47813
Foreign host: 192.168.0.6, Foreign port: 179
Connection tableid (VRF): 0
 
Enqueued packets for retransmit: 0, input: 0  mis-ordered: 0 (0 bytes)
 
Event Timers (current time is 0x235DB8):
Timer          Starts    Wakeups            Next
Retrans            22          0             0x0
TimeWait            0          0             0x0
AckHold            21         18             0x0
SendWnd             0          0             0x0
KeepAlive           0          0             0x0
GiveUp              0          0             0x0
PmtuAger          765        764        0x235EDD
DeadWait            0          0             0x0
Linger              0          0             0x0
ProcessQ            0          0             0x0
 
iss: 2563001957  snduna: 2563002619  sndnxt: 2563002638     sndwnd:  15723
irs: 1152982052  rcvnxt: 1152982807  rcvwnd:      15630  delrcvwnd:    754
 
SRTT: 286 ms, RTTO: 399 ms, RTV: 113 ms, KRTT: 0 ms
minRTT: 4 ms, maxRTT: 300 ms, ACK hold: 200 ms
Status Flags: active open
Option Flags: nagle, path mtu capable
IP Precedence value : 6
 
Datagrams (max data segment is 1460 bytes):
Rcvd: 37 (out of order: 0), with data: 23, total data bytes: 754
Sent: 43 (retransmit: 0, fastretransmit: 0, partialack: 0, Second Congestion: 0)
, with data: 23, total data bytes: 680
 Packets received in fast path: 0, fast processed: 0, slow path: 0
 fast lock acquisition failures: 0, slow path: 0
 
BGP neighbor is 192.168.0.22,  remote AS 3, external link
  BGP version 4, remote router ID 192.168.3.3
  BGP state = Established, up for 00:13:50
  Last read 00:00:12, last write 00:00:11, hold time is 180, keepalive interval
is 60 seconds
  Neighbor capabilities:
    Route refresh: advertised and received(new)
    Address family IPv4 Unicast: advertised and received
  Message statistics:
    InQ depth is 0
    OutQ depth is 0
 
                         Sent       Rcvd
    Opens:                  1          1
    Notifications:          0          0
    Updates:                6          4
    Keepalives:            14         15
    Route Refresh:          0          0
    Total:                 21         20
  Default minimum time between advertisement runs is 30 seconds
 
 For address family: IPv4 Unicast
  BGP table version 14, neighbor version 14/0
  Output queue size : 0
  Index 1, Offset 0, Mask 0x2
  1 update-group member
                                 Sent       Rcvd
  Prefix activity:               ----       ----
    Prefixes Current:              12          7 (Consumes 364 bytes)
    Prefixes Total:                13          7
    Implicit Withdraw:              5          0
    Explicit Withdraw:              0          0
    Used as bestpath:             n/a          5
    Used as multipath:            n/a          0
 
                                   Outbound    Inbound
  Local Policy Denied Prefixes:    --------    -------
    AS_PATH loop:                       n/a          1
    Total:                                0          1
  Number of NLRIs in the update sent: max 3, min 2
 
  Address tracking is enabled, the RIB does have a route to 192.168.0.22
  Connections established 1; dropped 0
  Last reset never
  Transport(tcp) path-mtu-discovery is enabled
Connection state is ESTAB, I/O status: 1, unread input bytes: 0
Connection is ECN Disabled, Mininum incoming TTL 0, Outgoing TTL 1
Local host: 192.168.0.21, Local port: 179
Foreign host: 192.168.0.22, Foreign port: 44516
Connection tableid (VRF): 0
 
Enqueued packets for retransmit: 0, input: 0  mis-ordered: 0 (0 bytes)
 
Event Timers (current time is 0x23B7E0):
Timer          Starts    Wakeups            Next
Retrans            19          0             0x0
TimeWait            0          0             0x0
AckHold            19         15             0x0
SendWnd             0          0             0x0
KeepAlive           0          0             0x0
GiveUp              0          0             0x0
PmtuAger            0          0             0x0
DeadWait            0          0             0x0
Linger              0          0             0x0
ProcessQ            0          0             0x0
 
iss: 2162862813  snduna: 2162863461  sndnxt: 2162863461     sndwnd:  15737
irs:  509265328  rcvnxt:  509265882  rcvwnd:      15831  delrcvwnd:    553
 
SRTT: 276 ms, RTTO: 466 ms, RTV: 190 ms, KRTT: 0 ms
minRTT: 0 ms, maxRTT: 300 ms, ACK hold: 200 ms
Status Flags: passive open, gen tcbs
Option Flags: nagle, path mtu capable
IP Precedence value : 6
 
Datagrams (max data segment is 1460 bytes):
Rcvd: 38 (out of order: 0), with data: 20, total data bytes: 553
Sent: 36 (retransmit: 0, fastretransmit: 0, partialack: 0, Second Congestion: 0)
, with data: 20, total data bytes: 647
 Packets received in fast path: 0, fast processed: 0, slow path: 0
 fast lock acquisition failures: 0, slow path: 0
 
Atlanta#
Atlanta#
Atlanta#
Atlanta#show ip bgp 192.168.4.4
BGP routing table entry for 192.168.4.4/32, version 9
Paths: (1 available, best #1, table Default-IP-Routing-Table)
  Advertised to update-groups:
        1
  3 4
    192.168.0.22 from 192.168.0.22 (192.168.3.3)
      Origin IGP, localpref 100, valid, external, best
Atlanta#show ip bgp 192.168.0.6 routes
                                ^
% Invalid input detected at '^' marker.
Atlanta#show ip bgp neighbor 192.168.0.6 routes
BGP table version is 14, local router ID is 192.168.2.2
Status codes: s suppressed, d damped, h history, * valid, > best, i - internal,
              r RIB-failure, S Stale
Origin codes: i - IGP, e - EGP, ? - incomplete
   Network          Next Hop            Metric LocPrf Weight Path
*  192.168.0.4/30   192.168.0.6              0             0 1 i
*  192.168.0.12/30  192.168.0.6                            0 1 6 5 i
*> 192.168.0.16/30  192.168.0.6                            0 1 6 i
*> 192.168.0.24/30  192.168.0.6              0             0 1 i
*> 192.168.1.1/32   192.168.0.6              0             0 1 i
*  192.168.5.5/32   192.168.0.6                            0 1 6 5 i
*> 192.168.6.6/32   192.168.0.6                            0 1 6 i
Total number of prefixes 7
Atlanta#traceroute 192.168.6.6
Type escape sequence to abort.
Tracing the route to 192.168.6.6
  1 192.168.0.6 0 msec 0 msec 4 msec
  2 192.168.0.26 [AS 1] 0 msec *  0 msec
Atlanta#
Atlanta con0 is now available
Press RETURN to get started.
